# Generated by Cloud66 Starter
---
custom_web:
  build: test/ruby/25769/src/
  command: bundle exec unicorn_rails -c config/unicorn.rb -E _env:RAILS_ENV _env:DAEMONIZE
  ports:
  - "8080:8080"
  links:
  - postgresql
  - postgresql:postgresql.cloud66.local
  - redis
  - redis:redis.cloud66.local
  environment:
    - RAILS_ENV=production
    - RACK_ENV=production
worker:
  build: test/ruby/25769/src/
  command: bundle exec sidekiq
  links:
  - postgresql
  - postgresql:postgresql.cloud66.local
  - redis
  - redis:redis.cloud66.local
  environment:
    - RAILS_ENV=production
    - RACK_ENV=production
postgresql:
  image: postgresql
redis:
  image: redis
