# Generated by Cloud66 Starter
---
services:

  custom_web:
    git_url: git@github.com:cloud66/starter.git
    git_branch: master
    command: bundle exec unicorn_rails -c config/unicorn.rb -E _env:RAILS_ENV _env:DAEMONIZE
    build_command: /bin/sh -c "RAILS_ENV=_env:RAILS_ENV bundle exec rake db:schema:load"
    deploy_command: /bin/sh -c "RAILS_ENV=_env:RAILS_ENV bundle exec rake db:migrate"
    build_root: test/ruby/25769/src/
    ports:
      - container: 8080
        http: 80
        https: 443
    env_vars:
      RAILS_ENV: production
      RACK_ENV: production

  worker:
    git_url: git@github.com:cloud66/starter.git
    git_branch: master
    command: bundle exec sidekiq
    build_root: test/ruby/25769/src/
    env_vars:
      RAILS_ENV: production
      RACK_ENV: production

databases:
  - postgresql
  - redis
