# Generated by Cloud66 Starter
---
web:
  build: test/ruby/25528/src/
  command: bundle exec unicorn -v
  ports:
  - "8080:8080"
  links:
  - mysql
  - mysql:mysql.cloud66.local
  environment:
    - RAILS_ENV=production
    - RACK_ENV=production
mysql:
  image: mysql
