# Generated by Cloud66 Starter
---
custom_web:
  build: test/ruby/13592/src/
  command: bundle exec rails s -p 3000 -E _env:RAILS_ENV -D
  ports:
  - "3000:3000"
  links:
  - mysql
  - mysql:mysql.cloud66.local
  environment:
    - RAILS_ENV=production
    - RACK_ENV=production
mysql:
  image: mysql
