# Generated by Cloud66 Starter
---
services:

  custom_web:
    git_url: git@github.com:cloud66/starter.git
    git_branch: master
    command: bundle exec rails s -p 3000 -E _env:RAILS_ENV -D
    build_command: /bin/sh -c "RAILS_ENV=_env:RAILS_ENV bundle exec rake db:schema:load"
    deploy_command: /bin/sh -c "RAILS_ENV=_env:RAILS_ENV bundle exec rake db:migrate"
    build_root: test/ruby/13592/src/
    ports:
      - container: 3000
        http: 80
        https: 443
    env_vars:
      RAILS_ENV: production
      RACK_ENV: production

databases:
  - mysql
