# Generated by Cloud66 Starter
---
worker:
  build: test/ruby/15333/src/
  command: bundle exec rake jobs:work
  links:
  - mysql
  - mysql:mysql.cloud66.local
  - postgresql
  - postgresql:postgresql.cloud66.local
  - redis
  - redis:redis.cloud66.local
  environment:
    - RAILS_ENV=production
    - RACK_ENV=production
web:
  build: test/ruby/15333/src/
  command: bundle exec rails server -e _env:RAILS_ENV
  ports:
  - "3000:3000"
  links:
  - mysql
  - mysql:mysql.cloud66.local
  - postgresql
  - postgresql:postgresql.cloud66.local
  - redis
  - redis:redis.cloud66.local
  environment:
    - RAILS_ENV=production
    - RACK_ENV=production
mysql:
  image: mysql
postgresql:
  image: postgresql
redis:
  image: redis
