# Generated by Cloud66 Starter
---
services:

  worker:
    git_url: git@github.com:cloud66/starter.git
    git_branch: master
    command: bundle exec rake jobs:work
    build_root: test/ruby/15333/src/
    env_vars:
      RAILS_ENV: production
      RACK_ENV: production

  web:
    git_url: git@github.com:cloud66/starter.git
    git_branch: master
    command: bundle exec rails server -e _env:RAILS_ENV
    build_command: /bin/sh -c "RAILS_ENV=_env:RAILS_ENV bundle exec rake db:schema:load"
    deploy_command: /bin/sh -c "RAILS_ENV=_env:RAILS_ENV bundle exec rake db:migrate"
    build_root: test/ruby/15333/src/
    ports:
      - container: 3000
        http: 80
        https: 443
    env_vars:
      RAILS_ENV: production
      RACK_ENV: production

databases:
  - mysql
  - postgresql
  - redis
