# Generated by Cloud66 Starter
---
web:
  build: test/ruby/23080/src/
  command: bundle exec rackup -E _env:RACK_ENV
  ports:
  - "9292:9292"
  links:
  - redis
  - redis:redis.cloud66.local
  - mongodb
  - mongodb:mongodb.cloud66.local
  environment:
    - RAILS_ENV=production
    - RACK_ENV=production
redis:
  image: redis
mongodb:
  image: mongodb
