# Generated by Cloud66 Starter
---
services:

  web:
    git_url: git@github.com:cloud66/starter.git
    git_branch: master
    command: bundle exec rackup -E _env:RACK_ENV
    build_root: test/ruby/23080/src/
    ports:
      - container: 9292
        http: 80
        https: 443
    env_vars:
      RAILS_ENV: production
      RACK_ENV: production

databases:
  - redis
  - mongodb
