# Generated with <3 by Cloud66

services:
  client:
    git_url: git@github.com:cloud66/starter.git
    git_branch: master
    build_root: client
    requires:
    - haproxy
    tags:
      this_is_a_label: first
    env_vars:
      FOREMAN_URL: http://haproxy
  db:
    image: postgres:9.5
    env_vars:
      PGDATA: /var/lib/postgresql/data/pgdata
    volumes:
    - /./pgdata:/var/lib/postgresql/data/pgdata
  foreman:
    git_url: git@github.com:cloud66/starter.git
    git_branch: master
    dockerfile_path: ./here
    ports:
    - http: 80
    volumes:
    - /./assets:/usr/src/app/public/assets
    - /mydata1:/data1
    - /mydata3:/data3
    - /./webpack:/usr/src/app/public/webpack
  foreman-init:
    git_url: git@github.com:cloud66/starter.git
    git_branch: master
    build_root: foreman
    requires:
    - db
    volumes:
    - /./assets:/usr/src/app/public/assets
    - /./webpack:/usr/src/app/public/webpack
  haproxy:
    image: dockercloud/haproxy
    ports:
    - container: 8443
    - container: 8000
      http: 8000
    - container: 80
      http: 80
    - container: 80
      http: 8080
    volumes:
    - /var/run/docker.sock:/var/run/docker.sock
  memcache:
    image: memcached
  proxy:
    git_url: git@github.com:cloud66/starter.git
    git_branch: master
    build_root: proxy
    ports:
    - container: 8000
      http: 8000
